// Jest Snapshot v1, https://goo.gl/fbAQLP

exports[`PresenceToggle.vue should have a custom title and match snapshot 1`] = `
<div class="rounded-pill flex flex-row flex-grow-0 align-center on"><span class="ml-3 mr-2">Aanwezig</span>
  <div class="h-12 w-12 mt-1 mb-1 mr-1" style="background-color: white; border-radius: 50%;"></div>
  <!---->
</div>
`;
